<div class="form-checkbox-group grid gap-4 items-start"
      style="--fc-checkbox-grid-cols: 6;" >
    <div>checkbox 1</div>
    <div>checkbox 2</div>
</div>
