<div class="space-y-4"
     >
    Checkboxes...
</div>
