<div class="form-checkbox-group grid gap-4 items-start"
      style="--fc-checkbox-grid-cols: 3;" >
    Checkboxes...
</div>
