<div class="choice-container relative flex items-start">
    <div class="choice-input flex items-center h-5">
        <input class="form-checkbox h-4 w-4 text-blue-600 border-blue-gray-300 rounded focus:ring-blue-500"
                name="remember_me"                 id="remember_me"                type="checkbox"
                                             
        />
    </div>

            <div class="choice-label ml-3 text-sm leading-5">
                            <label for="remember_me" class="font-medium text-blue-gray-700">
                                            Remember me
                                    </label>
            
                            <p class="choice-description text-blue-gray-500">My description</p>
                    </div>
    </div>
