<div class="choice-container relative flex items-start">
    <div class="choice-input flex items-center h-5">
        <input class="form-radio h-4 w-4 text-blue-600 border-blue-gray-300 focus:ring-blue-500 p-4"
                name="remember_me"                 id="rememberMe"                type="radio"
                value="remember"                               
        />
    </div>

            <div class="choice-label ml-3 text-sm leading-5">
                            <label for="rememberMe" class="font-medium text-blue-gray-700">
                                            Remember me
                                    </label>
            
                    </div>
    </div>
