<div x-data="{
        onValue: true,
        offValue: false,
                    value: false,
                get isPressed() {
            return this.value === this.onValue;
        },
        toggle() {
            this.value = this.isPressed ? this.offValue : this.onValue;
        },
     }"
     wire:ignore.self
     class="flex items-center"
     
>
    
    <button x-bind:aria-pressed="JSON.stringify(isPressed)"
            x-on:click="toggle()"
            x-ref="button"
            x-cloak
            type="button"
             id="foo"                         class="switch-toggle switch-toggle-simple switch-toggle--base"
            x-bind:class="{ 'pressed': isPressed }"
                >
        <span class="sr-only">Turn on</span>

                    <span aria-hidden="true"
                  class="switch-toggle-button"
                  x-bind:class="{ 'pressed': isPressed }"
            >
                                    <span class="absolute inset-0 h-full w-full flex items-center justify-center transition-opacity"
                          x-bind:class="{ 'opacity-0 ease-out duration-100': isPressed, 'opacity-100 ease-in duration-200': ! isPressed }"
                          aria-hidden="true"
                    >
                        off
                    </span>
                
                                    <span class="absolute inset-0 h-full w-full flex items-center justify-center transition-opacity"
                          x-bind:class="{ 'opacity-100 ease-in duration-200': isPressed, 'opacity-0 ease-out duration-100': ! isPressed }"
                          aria-hidden="true"
                    >
                        on
                    </span>
                            </span>
            </button>

    
    </div>
