<div class="file-upload flex items-center space-x-5 ">
    

    <div x-data="{ focused: false, isUploading: false, progress: 0 }"
                     x-on:livewire-upload-start="isUploading = true"
            x-on:livewire-upload-finish="isUploading = false"
            x-on:livewire-upload-error="isUploading = false"
            x-on:livewire-upload-progress="progress = $event.detail.progress"
                 class="space-y-4 w-full"
    >
        <span class="file-upload__input rounded-md">
            <input x-on:focus="focused = true"
                   x-on:blur="focused = false"
                   class="sr-only"
                   type="file"
                                       name="file"                     id="file"                    
                   
                   wire:model="file"
                   
            />

            <label for="file"
                   x-bind:class="{ 'file-upload__label--focused outline-none border-blue-300 ring-blue-300': focused }"
                   class="file-upload__label cursor-pointer py-2 px-3 border border-blue-gray-300 rounded-md text-sm leading-4 font-medium text-blue-gray-700 transition shadow-sm hover:text-blue-gray-500 active:bg-blue-gray-50 active:text-blue-gray-800"
            >
                <span role="button"
                      aria-controls="file"
                      tabindex="0"
                      class="outline-none"
                >
                    Select File
                </span>
            </label>
        </span>

        
                <div class="relative" x-show.transition.opacity.duration.150ms="isUploading" x-cloak>
            <div class="flex mb-2 items-center justify-between">
                <div class="file-upload__badge inline-flex items-center px-2.5 py-0.5 rounded-full text-xs font-medium leading-4 bg-green-100 text-green-800">
                    Processing...
                </div>

                <div class="text-right">
                    <span class="text-xs font-semibold inline-block text-green-600"
                          x-text="progress + '%'"
                    >
                    </span>
                </div>
            </div>

            <div class="file-upload__progress overflow-hidden h-2 mb-4 text-xs flex rounded bg-green-200">
                <div class="shadow-none flex flex-col text-center whitespace-nowrap text-white justify-center bg-green-500"
                     x-bind:style="'width: ' + progress + '%;'"
                >
                </div>
            </div>
        </div>
            </div>

    
</div>
