<div class="file-upload flex items-center space-x-5 ">
    

    <div x-data="{ focused: false, isUploading: false, progress: 0 }"
                 class="space-y-4 w-full"
    >
        <span class="file-upload__input rounded-md">
            <input x-on:focus="focused = true"
                   x-on:blur="focused = false"
                   class="sr-only"
                   type="file"
                                       name="file"                     id="file"                     accept="text/plain" 
                   
                   
                   
            />

            <label for="file"
                   x-bind:class="{ 'file-upload__label--focused outline-none border-blue-300 ring-blue-300': focused }"
                   class="file-upload__label cursor-pointer py-2 px-3 border border-blue-gray-300 rounded-md text-sm leading-4 font-medium text-blue-gray-700 transition shadow-sm hover:text-blue-gray-500 active:bg-blue-gray-50 active:text-blue-gray-800"
            >
                <span role="button"
                      aria-controls="file"
                      tabindex="0"
                      class="outline-none"
                >
                    Select File
                </span>
            </label>
        </span>

        
            </div>

    
</div>
