<div class="form-text-container flex rounded-sm shadow-sm relative">
    <span class="leading-addon inline-flex items-center px-3 rounded-l-md border border-r-0 border-blue-gray-300 bg-blue-gray-50 text-blue-gray-500 sm:text-sm">
        <span class="h-5 w-5 text-blue-gray-400">
            foo
        </span>
    </span>

    <input
        class="form-input form-text flex-1 block w-full px-3 py-2 border-blue-gray-300 rounded-md placeholder-blue-gray-400 sm:text-sm focus:border-blue-300 focus:ring-opacity-50 focus:ring-4 focus:ring-blue-400 has-leading-addon rounded-none rounded-r-md has-trailing-icon pr-10"
        

         name="search"          id="search"         type="text"

        
            />

    <div class="trailing-icon pr-3 flex items-center absolute inset-y-0 right-0">
        <span class="h-5 w-5 text-blue-gray-400">
            icon here
        </span>
    </div>
</div>
