<div class="form-text-container flex rounded-sm shadow-sm relative">
    <div class="inline-addon absolute inset-y-0 left-0 pl-3 flex items-center pointer-events-none">
        <span class="text-blue-gray-500 sm:text-sm sm:leading-5">foo</span>
    </div>

    <input
        class="form-input form-text flex-1 block w-full px-3 py-2 border-blue-gray-300 rounded-md placeholder-blue-gray-400 sm:text-sm focus:border-blue-300 focus:ring-opacity-50 focus:ring-4 focus:ring-blue-400 pl-16 sm:pl-14"
        

         name="search"          id="search"         type="text"

        
            />

    </div>
