<div class="form-text-container flex rounded-sm shadow-sm relative">
    <div class="leading-icon absolute inset-y-0 left-0 pl-3 flex items-center pointer-events-none">
        <span class="h-5 w-5 text-blue-gray-400">
            icon here
        </span>
    </div>

    <input
        class="form-input form-text flex-1 block w-full px-3 py-2 border-blue-gray-300 rounded-md placeholder-blue-gray-400 sm:text-sm focus:border-blue-300 focus:ring-opacity-50 focus:ring-4 focus:ring-blue-400 has-leading-icon pl-10"
        

         name="search"          id="search"         type="text"

        
            />

    </div>
