<div         x-data="{ show: false }"
          class="form-text-container flex rounded-sm shadow-sm relative group password-input-container focus-within:ring-4 focus-within:ring-opacity-50 rounded-lg focus-within:ring-blue-400 focus-within:border-blue-300"
>
    
    <input
        class="form-input form-text flex-1 block w-full px-3 py-2 border-blue-gray-300 rounded-md placeholder-blue-gray-400 sm:text-sm password-toggleable border-r-0 rounded-r-none focus:ring-0 focus:border-blue-gray-300 focus:border-blue-300"
        

         name="password"          id="password" 
                    x-bind:type="show ? 'text' : 'password'"
        
        
            />

            <div x-on:click="show = ! show"
             x-bind:title="show ? 'Hide' : 'Show'"
             class="trailing-icon password-toggle clickable pr-3 flex items-center bg-white border rounded-md rounded-l-none border-l-0 border-blue-gray-300 group-focus:border-blue-300"
             x-cloak
        >
            <span x-show="! show" class="h-5 w-5 text-blue-gray-400">
                <svg xmlns="http://www.w3.org/2000/svg" viewBox="0 0 20 20" fill="currentColor">
  <path d="M10 12a2 2 0 100-4 2 2 0 000 4z"/>
  <path fill-rule="evenodd" d="M.458 10C1.732 5.943 5.522 3 10 3s8.268 2.943 9.542 7c-1.274 4.057-5.064 7-9.542 7S1.732 14.057.458 10zM14 10a4 4 0 11-8 0 4 4 0 018 0z" clip-rule="evenodd"/>
</svg>            </span>

            <span x-show="show" class="h-5 w-5 text-blue-gray-400">
                <svg xmlns="http://www.w3.org/2000/svg" fill="none" viewBox="0 0 24 24" stroke="currentColor">
  <path stroke-linecap="round" stroke-linejoin="round" stroke-width="2" d="M13.875 18.825A10.05 10.05 0 0112 19c-4.478 0-8.268-2.943-9.543-7a9.97 9.97 0 011.563-3.029m5.858.908a3 3 0 114.243 4.243M9.878 9.878l4.242 4.242M9.88 9.88l-3.29-3.29m7.532 7.532l3.29 3.29M3 3l3.59 3.59m0 0A9.953 9.953 0 0112 5c4.478 0 8.268 2.943 9.543 7a10.025 10.025 0 01-4.132 5.411m0 0L21 21"/>
</svg>            </span>
        </div>
    </div>
