<div class="form-text-container flex rounded-sm shadow-sm relative">
    
    <select  name="country"              id="country"                         

                            aria-invalid="true"

                                    aria-describedby="country-error"
                            
            class="form-select block w-full pl-3 pr-10 py-2 rounded-md border-blue-gray-300 sm:text-sm focus:outline-none focus:border-blue-300 focus:ring-4 focus:ring-opacity-50 focus:ring-blue-400 input-error"
    >
        

                    <option value="can" >
                Canada
            </option>
                    <option value="usa" >
                United States
            </option>
        
        
    </select>

    </div>
