<div class="form-text-container flex rounded-sm shadow-sm relative">
    
    <select  name="timezone"              id="timezone"             
            
            class="form-select block w-full pl-3 pr-10 py-2 rounded-md border-blue-gray-300 sm:text-sm focus:outline-none focus:border-blue-300 focus:ring-4 focus:ring-opacity-50 focus:ring-blue-400"
            
    >
        

                    <optgroup label="America">
                                    <option value="America/Adak">(GMT/UTC -09:00) America/Adak</option>
                                    <option value="America/Anchorage">(GMT/UTC -08:00) America/Anchorage</option>
                                    <option value="America/Anguilla">(GMT/UTC -04:00) America/Anguilla</option>
                                    <option value="America/Antigua">(GMT/UTC -04:00) America/Antigua</option>
                                    <option value="America/Araguaina">(GMT/UTC -03:00) America/Araguaina</option>
                                    <option value="America/Argentina/Buenos_Aires">(GMT/UTC -03:00) America/Argentina/Buenos Aires</option>
                                    <option value="America/Argentina/Catamarca">(GMT/UTC -03:00) America/Argentina/Catamarca</option>
                                    <option value="America/Argentina/Cordoba">(GMT/UTC -03:00) America/Argentina/Cordoba</option>
                                    <option value="America/Argentina/Jujuy">(GMT/UTC -03:00) America/Argentina/Jujuy</option>
                                    <option value="America/Argentina/La_Rioja">(GMT/UTC -03:00) America/Argentina/La Rioja</option>
                                    <option value="America/Argentina/Mendoza">(GMT/UTC -03:00) America/Argentina/Mendoza</option>
                                    <option value="America/Argentina/Rio_Gallegos">(GMT/UTC -03:00) America/Argentina/Rio Gallegos</option>
                                    <option value="America/Argentina/Salta">(GMT/UTC -03:00) America/Argentina/Salta</option>
                                    <option value="America/Argentina/San_Juan">(GMT/UTC -03:00) America/Argentina/San Juan</option>
                                    <option value="America/Argentina/San_Luis">(GMT/UTC -03:00) America/Argentina/San Luis</option>
                                    <option value="America/Argentina/Tucuman">(GMT/UTC -03:00) America/Argentina/Tucuman</option>
                                    <option value="America/Argentina/Ushuaia">(GMT/UTC -03:00) America/Argentina/Ushuaia</option>
                                    <option value="America/Aruba">(GMT/UTC -04:00) America/Aruba</option>
                                    <option value="America/Asuncion">(GMT/UTC -03:00) America/Asuncion</option>
                                    <option value="America/Atikokan">(GMT/UTC -05:00) America/Atikokan</option>
                                    <option value="America/Bahia">(GMT/UTC -03:00) America/Bahia</option>
                                    <option value="America/Bahia_Banderas">(GMT/UTC -06:00) America/Bahia Banderas</option>
                                    <option value="America/Barbados">(GMT/UTC -04:00) America/Barbados</option>
                                    <option value="America/Belem">(GMT/UTC -03:00) America/Belem</option>
                                    <option value="America/Belize">(GMT/UTC -06:00) America/Belize</option>
                                    <option value="America/Blanc-Sablon">(GMT/UTC -04:00) America/Blanc-Sablon</option>
                                    <option value="America/Boa_Vista">(GMT/UTC -04:00) America/Boa Vista</option>
                                    <option value="America/Bogota">(GMT/UTC -05:00) America/Bogota</option>
                                    <option value="America/Boise">(GMT/UTC -06:00) America/Boise</option>
                                    <option value="America/Cambridge_Bay">(GMT/UTC -06:00) America/Cambridge Bay</option>
                                    <option value="America/Campo_Grande">(GMT/UTC -04:00) America/Campo Grande</option>
                                    <option value="America/Cancun">(GMT/UTC -05:00) America/Cancun</option>
                                    <option value="America/Caracas">(GMT/UTC -04:00) America/Caracas</option>
                                    <option value="America/Cayenne">(GMT/UTC -03:00) America/Cayenne</option>
                                    <option value="America/Cayman">(GMT/UTC -05:00) America/Cayman</option>
                                    <option value="America/Chicago">(GMT/UTC -05:00) America/Chicago</option>
                                    <option value="America/Chihuahua">(GMT/UTC -07:00) America/Chihuahua</option>
                                    <option value="America/Costa_Rica">(GMT/UTC -06:00) America/Costa Rica</option>
                                    <option value="America/Creston">(GMT/UTC -07:00) America/Creston</option>
                                    <option value="America/Cuiaba">(GMT/UTC -04:00) America/Cuiaba</option>
                                    <option value="America/Curacao">(GMT/UTC -04:00) America/Curacao</option>
                                    <option value="America/Danmarkshavn">(GMT/UTC +00:00) America/Danmarkshavn</option>
                                    <option value="America/Dawson">(GMT/UTC -07:00) America/Dawson</option>
                                    <option value="America/Dawson_Creek">(GMT/UTC -07:00) America/Dawson Creek</option>
                                    <option value="America/Denver">(GMT/UTC -06:00) America/Denver</option>
                                    <option value="America/Detroit">(GMT/UTC -04:00) America/Detroit</option>
                                    <option value="America/Dominica">(GMT/UTC -04:00) America/Dominica</option>
                                    <option value="America/Edmonton">(GMT/UTC -06:00) America/Edmonton</option>
                                    <option value="America/Eirunepe">(GMT/UTC -05:00) America/Eirunepe</option>
                                    <option value="America/El_Salvador">(GMT/UTC -06:00) America/El Salvador</option>
                                    <option value="America/Fort_Nelson">(GMT/UTC -07:00) America/Fort Nelson</option>
                                    <option value="America/Fortaleza">(GMT/UTC -03:00) America/Fortaleza</option>
                                    <option value="America/Glace_Bay">(GMT/UTC -03:00) America/Glace Bay</option>
                                    <option value="America/Goose_Bay">(GMT/UTC -03:00) America/Goose Bay</option>
                                    <option value="America/Grand_Turk">(GMT/UTC -04:00) America/Grand Turk</option>
                                    <option value="America/Grenada">(GMT/UTC -04:00) America/Grenada</option>
                                    <option value="America/Guadeloupe">(GMT/UTC -04:00) America/Guadeloupe</option>
                                    <option value="America/Guatemala">(GMT/UTC -06:00) America/Guatemala</option>
                                    <option value="America/Guayaquil">(GMT/UTC -05:00) America/Guayaquil</option>
                                    <option value="America/Guyana">(GMT/UTC -04:00) America/Guyana</option>
                                    <option value="America/Halifax">(GMT/UTC -03:00) America/Halifax</option>
                                    <option value="America/Havana">(GMT/UTC -04:00) America/Havana</option>
                                    <option value="America/Hermosillo">(GMT/UTC -07:00) America/Hermosillo</option>
                                    <option value="America/Indiana/Indianapolis">(GMT/UTC -04:00) America/Indiana/Indianapolis</option>
                                    <option value="America/Indiana/Knox">(GMT/UTC -05:00) America/Indiana/Knox</option>
                                    <option value="America/Indiana/Marengo">(GMT/UTC -04:00) America/Indiana/Marengo</option>
                                    <option value="America/Indiana/Petersburg">(GMT/UTC -04:00) America/Indiana/Petersburg</option>
                                    <option value="America/Indiana/Tell_City">(GMT/UTC -05:00) America/Indiana/Tell City</option>
                                    <option value="America/Indiana/Vevay">(GMT/UTC -04:00) America/Indiana/Vevay</option>
                                    <option value="America/Indiana/Vincennes">(GMT/UTC -04:00) America/Indiana/Vincennes</option>
                                    <option value="America/Indiana/Winamac">(GMT/UTC -04:00) America/Indiana/Winamac</option>
                                    <option value="America/Inuvik">(GMT/UTC -06:00) America/Inuvik</option>
                                    <option value="America/Iqaluit">(GMT/UTC -04:00) America/Iqaluit</option>
                                    <option value="America/Jamaica">(GMT/UTC -05:00) America/Jamaica</option>
                                    <option value="America/Juneau">(GMT/UTC -08:00) America/Juneau</option>
                                    <option value="America/Kentucky/Louisville">(GMT/UTC -04:00) America/Kentucky/Louisville</option>
                                    <option value="America/Kentucky/Monticello">(GMT/UTC -04:00) America/Kentucky/Monticello</option>
                                    <option value="America/Kralendijk">(GMT/UTC -04:00) America/Kralendijk</option>
                                    <option value="America/La_Paz">(GMT/UTC -04:00) America/La Paz</option>
                                    <option value="America/Lima">(GMT/UTC -05:00) America/Lima</option>
                                    <option value="America/Los_Angeles">(GMT/UTC -07:00) America/Los Angeles</option>
                                    <option value="America/Lower_Princes">(GMT/UTC -04:00) America/Lower Princes</option>
                                    <option value="America/Maceio">(GMT/UTC -03:00) America/Maceio</option>
                                    <option value="America/Managua">(GMT/UTC -06:00) America/Managua</option>
                                    <option value="America/Manaus">(GMT/UTC -04:00) America/Manaus</option>
                                    <option value="America/Marigot">(GMT/UTC -04:00) America/Marigot</option>
                                    <option value="America/Martinique">(GMT/UTC -04:00) America/Martinique</option>
                                    <option value="America/Matamoros">(GMT/UTC -05:00) America/Matamoros</option>
                                    <option value="America/Mazatlan">(GMT/UTC -07:00) America/Mazatlan</option>
                                    <option value="America/Menominee">(GMT/UTC -05:00) America/Menominee</option>
                                    <option value="America/Merida">(GMT/UTC -06:00) America/Merida</option>
                                    <option value="America/Metlakatla">(GMT/UTC -08:00) America/Metlakatla</option>
                                    <option value="America/Mexico_City">(GMT/UTC -06:00) America/Mexico City</option>
                                    <option value="America/Miquelon">(GMT/UTC -02:00) America/Miquelon</option>
                                    <option value="America/Moncton">(GMT/UTC -03:00) America/Moncton</option>
                                    <option value="America/Monterrey">(GMT/UTC -06:00) America/Monterrey</option>
                                    <option value="America/Montevideo">(GMT/UTC -03:00) America/Montevideo</option>
                                    <option value="America/Montserrat">(GMT/UTC -04:00) America/Montserrat</option>
                                    <option value="America/Nassau">(GMT/UTC -04:00) America/Nassau</option>
                                    <option value="America/New_York">(GMT/UTC -04:00) America/New York</option>
                                    <option value="America/Nipigon">(GMT/UTC -04:00) America/Nipigon</option>
                                    <option value="America/Nome">(GMT/UTC -08:00) America/Nome</option>
                                    <option value="America/Noronha">(GMT/UTC -02:00) America/Noronha</option>
                                    <option value="America/North_Dakota/Beulah">(GMT/UTC -05:00) America/North Dakota/Beulah</option>
                                    <option value="America/North_Dakota/Center">(GMT/UTC -05:00) America/North Dakota/Center</option>
                                    <option value="America/North_Dakota/New_Salem">(GMT/UTC -05:00) America/North Dakota/New Salem</option>
                                    <option value="America/Nuuk">(GMT/UTC -03:00) America/Nuuk</option>
                                    <option value="America/Ojinaga">(GMT/UTC -06:00) America/Ojinaga</option>
                                    <option value="America/Panama">(GMT/UTC -05:00) America/Panama</option>
                                    <option value="America/Pangnirtung">(GMT/UTC -04:00) America/Pangnirtung</option>
                                    <option value="America/Paramaribo">(GMT/UTC -03:00) America/Paramaribo</option>
                                    <option value="America/Phoenix">(GMT/UTC -07:00) America/Phoenix</option>
                                    <option value="America/Port-au-Prince">(GMT/UTC -04:00) America/Port-au-Prince</option>
                                    <option value="America/Port_of_Spain">(GMT/UTC -04:00) America/Port of Spain</option>
                                    <option value="America/Porto_Velho">(GMT/UTC -04:00) America/Porto Velho</option>
                                    <option value="America/Puerto_Rico">(GMT/UTC -04:00) America/Puerto Rico</option>
                                    <option value="America/Punta_Arenas">(GMT/UTC -03:00) America/Punta Arenas</option>
                                    <option value="America/Rainy_River">(GMT/UTC -05:00) America/Rainy River</option>
                                    <option value="America/Rankin_Inlet">(GMT/UTC -05:00) America/Rankin Inlet</option>
                                    <option value="America/Recife">(GMT/UTC -03:00) America/Recife</option>
                                    <option value="America/Regina">(GMT/UTC -06:00) America/Regina</option>
                                    <option value="America/Resolute">(GMT/UTC -05:00) America/Resolute</option>
                                    <option value="America/Rio_Branco">(GMT/UTC -05:00) America/Rio Branco</option>
                                    <option value="America/Santarem">(GMT/UTC -03:00) America/Santarem</option>
                                    <option value="America/Santiago">(GMT/UTC -03:00) America/Santiago</option>
                                    <option value="America/Santo_Domingo">(GMT/UTC -04:00) America/Santo Domingo</option>
                                    <option value="America/Sao_Paulo">(GMT/UTC -03:00) America/Sao Paulo</option>
                                    <option value="America/Scoresbysund">(GMT/UTC -01:00) America/Scoresbysund</option>
                                    <option value="America/Sitka">(GMT/UTC -08:00) America/Sitka</option>
                                    <option value="America/St_Barthelemy">(GMT/UTC -04:00) America/St.Barthelemy</option>
                                    <option value="America/St_Johns">(GMT/UTC -02:30) America/St.Johns</option>
                                    <option value="America/St_Kitts">(GMT/UTC -04:00) America/St.Kitts</option>
                                    <option value="America/St_Lucia">(GMT/UTC -04:00) America/St.Lucia</option>
                                    <option value="America/St_Thomas">(GMT/UTC -04:00) America/St.Thomas</option>
                                    <option value="America/St_Vincent">(GMT/UTC -04:00) America/St.Vincent</option>
                                    <option value="America/Swift_Current">(GMT/UTC -06:00) America/Swift Current</option>
                                    <option value="America/Tegucigalpa">(GMT/UTC -06:00) America/Tegucigalpa</option>
                                    <option value="America/Thule">(GMT/UTC -03:00) America/Thule</option>
                                    <option value="America/Thunder_Bay">(GMT/UTC -04:00) America/Thunder Bay</option>
                                    <option value="America/Tijuana">(GMT/UTC -07:00) America/Tijuana</option>
                                    <option value="America/Toronto">(GMT/UTC -04:00) America/Toronto</option>
                                    <option value="America/Tortola">(GMT/UTC -04:00) America/Tortola</option>
                                    <option value="America/Vancouver">(GMT/UTC -07:00) America/Vancouver</option>
                                    <option value="America/Whitehorse">(GMT/UTC -07:00) America/Whitehorse</option>
                                    <option value="America/Winnipeg">(GMT/UTC -05:00) America/Winnipeg</option>
                                    <option value="America/Yakutat">(GMT/UTC -08:00) America/Yakutat</option>
                                    <option value="America/Yellowknife">(GMT/UTC -06:00) America/Yellowknife</option>
                            </optgroup>
            </select>

    </div>
