<div class="form-text-container flex rounded-sm shadow-sm relative">
    
    <select  name="timezone"              id="timezone"             
            
            class="form-select block w-full pl-3 pr-10 py-2 rounded-md border-blue-gray-300 sm:text-sm focus:outline-none focus:border-blue-300 focus:ring-4 focus:ring-opacity-50 focus:ring-blue-400"
            
    >
        

                    <optgroup label="General">
                                    <option value="GMT">GMT</option>
                                    <option value="UTC">UTC</option>
                            </optgroup>
                    <optgroup label="Asia">
                                    <option value="Asia/Aden">(GMT/UTC +03:00) Asia/Aden</option>
                                    <option value="Asia/Almaty">(GMT/UTC +06:00) Asia/Almaty</option>
                                    <option value="Asia/Amman">(GMT/UTC +03:00) Asia/Amman</option>
                                    <option value="Asia/Anadyr">(GMT/UTC +12:00) Asia/Anadyr</option>
                                    <option value="Asia/Aqtau">(GMT/UTC +05:00) Asia/Aqtau</option>
                                    <option value="Asia/Aqtobe">(GMT/UTC +05:00) Asia/Aqtobe</option>
                                    <option value="Asia/Ashgabat">(GMT/UTC +05:00) Asia/Ashgabat</option>
                                    <option value="Asia/Atyrau">(GMT/UTC +05:00) Asia/Atyrau</option>
                                    <option value="Asia/Baghdad">(GMT/UTC +03:00) Asia/Baghdad</option>
                                    <option value="Asia/Bahrain">(GMT/UTC +03:00) Asia/Bahrain</option>
                                    <option value="Asia/Baku">(GMT/UTC +04:00) Asia/Baku</option>
                                    <option value="Asia/Bangkok">(GMT/UTC +07:00) Asia/Bangkok</option>
                                    <option value="Asia/Barnaul">(GMT/UTC +07:00) Asia/Barnaul</option>
                                    <option value="Asia/Beirut">(GMT/UTC +02:00) Asia/Beirut</option>
                                    <option value="Asia/Bishkek">(GMT/UTC +06:00) Asia/Bishkek</option>
                                    <option value="Asia/Brunei">(GMT/UTC +08:00) Asia/Brunei</option>
                                    <option value="Asia/Chita">(GMT/UTC +09:00) Asia/Chita</option>
                                    <option value="Asia/Choibalsan">(GMT/UTC +08:00) Asia/Choibalsan</option>
                                    <option value="Asia/Colombo">(GMT/UTC +05:30) Asia/Colombo</option>
                                    <option value="Asia/Damascus">(GMT/UTC +03:00) Asia/Damascus</option>
                                    <option value="Asia/Dhaka">(GMT/UTC +06:00) Asia/Dhaka</option>
                                    <option value="Asia/Dili">(GMT/UTC +09:00) Asia/Dili</option>
                                    <option value="Asia/Dubai">(GMT/UTC +04:00) Asia/Dubai</option>
                                    <option value="Asia/Dushanbe">(GMT/UTC +05:00) Asia/Dushanbe</option>
                                    <option value="Asia/Famagusta">(GMT/UTC +02:00) Asia/Famagusta</option>
                                    <option value="Asia/Gaza">(GMT/UTC +02:00) Asia/Gaza</option>
                                    <option value="Asia/Hebron">(GMT/UTC +02:00) Asia/Hebron</option>
                                    <option value="Asia/Ho_Chi_Minh">(GMT/UTC +07:00) Asia/Ho Chi Minh</option>
                                    <option value="Asia/Hong_Kong">(GMT/UTC +08:00) Asia/Hong Kong</option>
                                    <option value="Asia/Hovd">(GMT/UTC +07:00) Asia/Hovd</option>
                                    <option value="Asia/Irkutsk">(GMT/UTC +08:00) Asia/Irkutsk</option>
                                    <option value="Asia/Jakarta">(GMT/UTC +07:00) Asia/Jakarta</option>
                                    <option value="Asia/Jayapura">(GMT/UTC +09:00) Asia/Jayapura</option>
                                    <option value="Asia/Jerusalem">(GMT/UTC +03:00) Asia/Jerusalem</option>
                                    <option value="Asia/Kabul">(GMT/UTC +04:30) Asia/Kabul</option>
                                    <option value="Asia/Kamchatka">(GMT/UTC +12:00) Asia/Kamchatka</option>
                                    <option value="Asia/Karachi">(GMT/UTC +05:00) Asia/Karachi</option>
                                    <option value="Asia/Kathmandu">(GMT/UTC +05:45) Asia/Kathmandu</option>
                                    <option value="Asia/Khandyga">(GMT/UTC +09:00) Asia/Khandyga</option>
                                    <option value="Asia/Kolkata">(GMT/UTC +05:30) Asia/Kolkata</option>
                                    <option value="Asia/Krasnoyarsk">(GMT/UTC +07:00) Asia/Krasnoyarsk</option>
                                    <option value="Asia/Kuala_Lumpur">(GMT/UTC +08:00) Asia/Kuala Lumpur</option>
                                    <option value="Asia/Kuching">(GMT/UTC +08:00) Asia/Kuching</option>
                                    <option value="Asia/Kuwait">(GMT/UTC +03:00) Asia/Kuwait</option>
                                    <option value="Asia/Macau">(GMT/UTC +08:00) Asia/Macau</option>
                                    <option value="Asia/Magadan">(GMT/UTC +11:00) Asia/Magadan</option>
                                    <option value="Asia/Makassar">(GMT/UTC +08:00) Asia/Makassar</option>
                                    <option value="Asia/Manila">(GMT/UTC +08:00) Asia/Manila</option>
                                    <option value="Asia/Muscat">(GMT/UTC +04:00) Asia/Muscat</option>
                                    <option value="Asia/Nicosia">(GMT/UTC +02:00) Asia/Nicosia</option>
                                    <option value="Asia/Novokuznetsk">(GMT/UTC +07:00) Asia/Novokuznetsk</option>
                                    <option value="Asia/Novosibirsk">(GMT/UTC +07:00) Asia/Novosibirsk</option>
                                    <option value="Asia/Omsk">(GMT/UTC +06:00) Asia/Omsk</option>
                                    <option value="Asia/Oral">(GMT/UTC +05:00) Asia/Oral</option>
                                    <option value="Asia/Phnom_Penh">(GMT/UTC +07:00) Asia/Phnom Penh</option>
                                    <option value="Asia/Pontianak">(GMT/UTC +07:00) Asia/Pontianak</option>
                                    <option value="Asia/Pyongyang">(GMT/UTC +09:00) Asia/Pyongyang</option>
                                    <option value="Asia/Qatar">(GMT/UTC +03:00) Asia/Qatar</option>
                                    <option value="Asia/Qostanay">(GMT/UTC +06:00) Asia/Qostanay</option>
                                    <option value="Asia/Qyzylorda">(GMT/UTC +05:00) Asia/Qyzylorda</option>
                                    <option value="Asia/Riyadh">(GMT/UTC +03:00) Asia/Riyadh</option>
                                    <option value="Asia/Sakhalin">(GMT/UTC +11:00) Asia/Sakhalin</option>
                                    <option value="Asia/Samarkand">(GMT/UTC +05:00) Asia/Samarkand</option>
                                    <option value="Asia/Seoul">(GMT/UTC +09:00) Asia/Seoul</option>
                                    <option value="Asia/Shanghai">(GMT/UTC +08:00) Asia/Shanghai</option>
                                    <option value="Asia/Singapore">(GMT/UTC +08:00) Asia/Singapore</option>
                                    <option value="Asia/Srednekolymsk">(GMT/UTC +11:00) Asia/Srednekolymsk</option>
                                    <option value="Asia/Taipei">(GMT/UTC +08:00) Asia/Taipei</option>
                                    <option value="Asia/Tashkent">(GMT/UTC +05:00) Asia/Tashkent</option>
                                    <option value="Asia/Tbilisi">(GMT/UTC +04:00) Asia/Tbilisi</option>
                                    <option value="Asia/Tehran">(GMT/UTC +04:30) Asia/Tehran</option>
                                    <option value="Asia/Thimphu">(GMT/UTC +06:00) Asia/Thimphu</option>
                                    <option value="Asia/Tokyo">(GMT/UTC +09:00) Asia/Tokyo</option>
                                    <option value="Asia/Tomsk">(GMT/UTC +07:00) Asia/Tomsk</option>
                                    <option value="Asia/Ulaanbaatar">(GMT/UTC +08:00) Asia/Ulaanbaatar</option>
                                    <option value="Asia/Urumqi">(GMT/UTC +06:00) Asia/Urumqi</option>
                                    <option value="Asia/Ust-Nera">(GMT/UTC +10:00) Asia/Ust-Nera</option>
                                    <option value="Asia/Vientiane">(GMT/UTC +07:00) Asia/Vientiane</option>
                                    <option value="Asia/Vladivostok">(GMT/UTC +10:00) Asia/Vladivostok</option>
                                    <option value="Asia/Yakutsk">(GMT/UTC +09:00) Asia/Yakutsk</option>
                                    <option value="Asia/Yangon">(GMT/UTC +06:30) Asia/Yangon</option>
                                    <option value="Asia/Yekaterinburg">(GMT/UTC +05:00) Asia/Yekaterinburg</option>
                                    <option value="Asia/Yerevan">(GMT/UTC +04:00) Asia/Yerevan</option>
                            </optgroup>
            </select>

    </div>
