<form method="GET"
      
     
            spellcheck="false"
    
     
>
    
    
    Form fields...
</form>
