<div class="form-group form-group-inline sm:grid sm:grid-cols-3 sm:gap-4 sm:items-start form-group-inline--border sm:pt-5 sm:border-t sm:border-blue-gray-200 first:sm:pt-0 first:sm:border-none mb-5 last:mb-0">
            <label  for="first_name"  class="form-label block text-sm font-medium leading-5 text-blue-gray-700 form-group__inline-label sm:mt-px sm:pt-2">
            First name
    </label>
    
    <div class="form-group__content mt-1 form-group__content--inline sm:mt-0 sm:col-span-2">
        Name field

        
            </div>
</div>
