<form method="HEAD"
      
     
            spellcheck="false"
    
     
>
    
    
    Form fields...
</form>
