<form method="GET"
                action="http://example.test"
      
     
            spellcheck="false"
    
     wire:submit.prevent="submit"
>
    
    
    Form fields...
</form>
