<form method="POST"
                action="http://example.com"
      
     
            spellcheck="false"
    
     
>
            <input type="hidden" name="_token" value="">    
    
    Form fields...
</form>
