<div class="form-error mt-1 text-red-500 text-sm" id="first_name-error">
                    <ul>
                    <li>Incorrect first name.</li>
                    <li>Needs at least 5 characters.</li>
            </ul>
            </div>
