<label  for="first_name"  class="form-label block text-sm font-medium leading-5 text-blue-gray-700">
            First name
    </label>
